// Jest Snapshot v1, https://goo.gl/fbAQLP

exports[`src > components > WeatherItem renders without crashing 1`] = `
<WeatherItem
  props={
    Object {
      "description": "Thunderly",
      "dt_txt": "2020-02-15 12:00:00",
      "feels_like": "42",
      "temp": "36.6",
    }
  }
>
  <li
    className="weather-item"
  >
    <div
      className="weather-item__info"
    >
      <span>
        2020-02-15
      </span>
      <span>
        12:00:00
      </span>
    </div>
    <div
      className="weather-item__data"
    >
      <p>
        temperature: 
        36.6
      </p>
      <p>
        feels like temperature: 
        42
      </p>
    </div>
    <div
      className="weather-item__chip"
    >
      Thunderly
    </div>
  </li>
</WeatherItem>
`;
