// Jest Snapshot v1, https://goo.gl/fbAQLP

exports[`src > components > WeatherList renders without crashing 1`] = `
<Provider
  store={
    Object {
      "clearActions": [Function],
      "dispatch": [MockFunction],
      "getActions": [Function],
      "getState": [Function],
      "replaceReducer": [Function],
      "subscribe": [Function],
    }
  }
>
  <WeatherList>
    <ul
      className="weather-list"
    >
      <WeatherItem
        key="0"
        props={
          Object {
            "description": "overcast clouds",
            "dt_txt": "2020-02-15 12:00:00",
            "feels_like": 278.81,
            "temp": 283.47,
          }
        }
      >
        <li
          className="weather-item"
        >
          <div
            className="weather-item__info"
          >
            <span>
              2020-02-15
            </span>
            <span>
              12:00:00
            </span>
          </div>
          <div
            className="weather-item__data"
          >
            <p>
              temperature: 
              283.47
            </p>
            <p>
              feels like temperature: 
              278.81
            </p>
          </div>
          <div
            className="weather-item__chip"
          >
            overcast clouds
          </div>
        </li>
      </WeatherItem>
      <WeatherItem
        key="1"
        props={
          Object {
            "description": "overcast clouds",
            "dt_txt": "2020-02-15 15:00:00",
            "feels_like": 279.39,
            "temp": 283.93,
          }
        }
      >
        <li
          className="weather-item"
        >
          <div
            className="weather-item__info"
          >
            <span>
              2020-02-15
            </span>
            <span>
              15:00:00
            </span>
          </div>
          <div
            className="weather-item__data"
          >
            <p>
              temperature: 
              283.93
            </p>
            <p>
              feels like temperature: 
              279.39
            </p>
          </div>
          <div
            className="weather-item__chip"
          >
            overcast clouds
          </div>
        </li>
      </WeatherItem>
    </ul>
  </WeatherList>
</Provider>
`;
